


macro spitbol version 4.0f
x86-64  (DATE)



                                                                                                                page 1

1          3 = 5;end

212_name_required.sbl(POS) : error 212 -- syntax error: value used where name is required


1          3 = 5;end

212_name_required.sbl(POS) : error 212 -- syntax error: value used where name is required

No END statement found in source file(s).
