


macro spitbol version 4.0f
x86-64  (DATE)



                                                                                                                page 1

1       :   'test'

214_label.sbl(POS) : error 214 -- bad label or misplaced continuation line


1       :   'test'

214_label.sbl(POS) : error 214 -- bad label or misplaced continuation line
