


macro spitbol version 4.0f
x86-64  (DATE)



                                                                                                                page 1

1        F(0)1.23E4
220_operator.sbl(POS) : error 220 -- syntax error: missing operator


1        F(0)1.23E4
220_operator.sbl(POS) : error 220 -- syntax error: missing operator
