


macro spitbol version 4.0f
x86-64  (DATE)



                                                                                                                page 1

1        A /
221_operator.sbl(POS) : error 221 -- syntax error: missing operand


1        A /
221_operator.sbl(POS) : error 221 -- syntax error: missing operand
