


macro spitbol version 4.0f
x86-64  (DATE)



                                                                                                                page 1

1       	B A);end
224_paren.sbl(POS) : error 224 -- syntax error: unbalanced right parenthesis


1       	B A);end
224_paren.sbl(POS) : error 224 -- syntax error: unbalanced right parenthesis
