


macro spitbol version 4.0f
x86-64  (DATE)



                                                                                                                page 1

1          A>;end
225_bracket.sbl(POS) : error 225 -- syntax error: unbalanced right bracket


1          A>;end
225_bracket.sbl(POS) : error 225 -- syntax error: unbalanced right bracket
