


macro spitbol version 4.0f
x86-64  (DATE)



                                                                                                                page 1

1           :S(end;end
227_paren.sbl(POS) : error 227 -- syntax error: right paren missing from goto


1           :S(end;end
227_paren.sbl(POS) : error 227 -- syntax error: right paren missing from goto

No END statement found in source file(s).
