


macro spitbol version 4.0f
x86-64  (DATE)



                                                                                                                page 1

1          A<;end
229_bracket.sbl(POS) : error 229 -- syntax error: missing right array bracket


1          A<;end
229_bracket.sbl(POS) : error 229 -- syntax error: missing right array bracket

No END statement found in source file(s).
