


macro spitbol version 4.0f
x86-64  (DATE)



                                                                                                                page 1

1               `;end
230_invalid_char.sbl(POS) : error 230 -- syntax error: illegal character


1               `;end
230_invalid_char.sbl(POS) : error 230 -- syntax error: illegal character
