


macro spitbol version 4.0f
x86-64  (DATE)



                                                                                                                page 1

        -line abc
247_control.sbl(POS) : error 247 -- invalid control statement


        -line abc
247_control.sbl(POS) : error 247 -- invalid control statement
