





                                                                                                                page 1

1       start	output = 1 // 2
             	            !
badop233.sbl(3,19) : error 233 -- syntax error: invalid use of operator


1       start	output = 1 // 2
             	            !
badop233.sbl(3,19) : error 233 -- syntax error: invalid use of operator
