





                                                                                                                page 1

        -line abc
              !
ctrlstmt247.sbl(3,7) : error 247 -- invalid control statement


        -line abc
              !
ctrlstmt247.sbl(3,7) : error 247 -- invalid control statement
