





                                                                                                                page 1

        -line abc
              !
ctrlstmt247.sbl(POS) : error 247 -- invalid control statement


        -line abc
              !
ctrlstmt247.sbl(POS) : error 247 -- invalid control statement
