





                                                                                                                page 1

1       start	output = 1	:S(a)S(b)
             	          	        !
dupgoto218.sbl(POS) : error 218 -- syntax error: duplicated goto field


1       start	output = 1	:S(a)S(b)
             	          	        !
dupgoto218.sbl(POS) : error 218 -- syntax error: duplicated goto field
