





                                                                                                                page 1

2       dup	output = 2

duplabel217.sbl(3) : error 217 -- syntax error: duplicate label


2       dup	output = 2

duplabel217.sbl(3) : error 217 -- syntax error: duplicate label
