





                                                                                                                page 1

1       start	output = 1	:
             	          	!
emptygoto219.sbl(3,18) : error 219 -- syntax error: empty goto field


1       start	output = 1	:
             	          	!
emptygoto219.sbl(3,18) : error 219 -- syntax error: empty goto field
