





                                                                                                                page 1

2       end	nosuchlabel
           	!
erlabel215.sbl(POS) : error 215 -- syntax error: undefined or erroneous entry label


2       end	nosuchlabel
           	!
erlabel215.sbl(POS) : error 215 -- syntax error: undefined or erroneous entry label
