





                                                                                                                page 1

1       start	output = 1	:5
             	          	 !
gotofield234.sbl(3,19) : error 234 -- syntax error: goto field incorrect


1       start	output = 1	:5
             	          	 !
gotofield234.sbl(3,19) : error 234 -- syntax error: goto field incorrect
