





                                                                                                                page 1

1       start	output = 1	:[lab
             	          	  !
gotorbrkt228.sbl(POS) : error 228 -- syntax error: right bracket missing from goto


1       start	output = 1	:[lab
             	          	  !
gotorbrkt228.sbl(POS) : error 228 -- syntax error: right bracket missing from goto
