





                                                                                                                page 1

1       start	output = 1	:(lab
             	          	  !
gotorparen227.sbl(2,20) : error 227 -- syntax error: right paren missing from goto


1       start	output = 1	:(lab
             	          	  !
gotorparen227.sbl(2,20) : error 227 -- syntax error: right paren missing from goto
