





                                                                                                                page 1

1       start	output = \x01bad
             	         !
illchar230.sbl(3,16) : error 230 -- syntax error: illegal character


1       start	output = \x01bad
             	         !
illchar230.sbl(3,16) : error 230 -- syntax error: illegal character
