





                                                                                                                page 1

        -include "this_file_does_not_exist_zzz.inc"
                 !
include285.sbl(2,10) : error 285 -- include file cannot be opened


        -include "this_file_does_not_exist_zzz.inc"
                 !
include285.sbl(2,10) : error 285 -- include file cannot be opened

No END statement found in source file(s).
