





                                                                                                                page 1

1       start	output = [1]
             	         !
lbracket222.sbl(POS) : error 222 -- syntax error: invalid use of left bracket


1       start	output = [1]
             	         !
lbracket222.sbl(POS) : error 222 -- syntax error: invalid use of left bracket
