





                                                                                                                page 1

1       start	output = (1)(2)
             	            !
missop220.sbl(POS) : error 220 -- syntax error: missing operator


1       start	output = (1)(2)
             	            !
missop220.sbl(POS) : error 220 -- syntax error: missing operator
