





                                                                                                                page 1

1       start	output = .3

namereq212.sbl(3) : error 212 -- syntax error: value used where name is required


1       start	output = .3

namereq212.sbl(3) : error 212 -- syntax error: value used where name is required
