





                                                                                                                page 1

1       start	output = (1
             	          !
norparen226.sbl(POS) : error 226 -- syntax error: missing right paren


1       start	output = (1
             	          !
norparen226.sbl(POS) : error 226 -- syntax error: missing right paren
