





                                                                                                                page 1

1       start	output = 1)
             	          !
rparen224.sbl(POS) : error 224 -- syntax error: unbalanced right parenthesis


1       start	output = 1)
             	          !
rparen224.sbl(POS) : error 224 -- syntax error: unbalanced right parenthesis
