





                                                                                                                page 1

1       start	output = "open
             	         !
strquote232.sbl(POS) : error 232 -- syntax error: unmatched string quote


1       start	output = "open
             	         !
strquote232.sbl(POS) : error 232 -- syntax error: unmatched string quote
