


stlimit244.sbl(3) : error 244 -- statement count exceeds value of stlimit keyword





in file              stlimit244.sbl
in line              3
in statement         3


stlimit244.sbl(3) : error 244 -- statement count exceeds value of stlimit keyword


in file              stlimit244.sbl
in line              3
in statement         3
