


nofail035.sbl(2) : error 035 -- unexpected failure in -nofail mode





in file              nofail035.sbl
in line              2
in statement         1


nofail035.sbl(2) : error 035 -- unexpected failure in -nofail mode


in file              nofail035.sbl
in line              2
in statement         1
