


continue037.sbl(1) : error 037 -- goto continue with no preceding error





in file              continue037.sbl
in line              1
in statement         1


continue037.sbl(1) : error 037 -- goto continue with no preceding error


in file              continue037.sbl
in line              1
in statement         1
